[0;34m╔═══════════════════════════════════════════════════════════════════════════╗[0m
[0;34m║                  HRNR_Hyperbolic Full Benchmark Suite                     ║[0m
[0;34m║                    Multi-City, Multi-GPU Accelerated                      ║[0m
[0;34m╚═══════════════════════════════════════════════════════════════════════════╝[0m

[1;33m[STEP 0][0m Applying Performance Optimizations...
================================================================================
APPLYING OPTIMIZATIONS FOR ALL DOWNSTREAM TASKS
Target: Tesla V100S-32GB on Linux
================================================================================

Patching hhgcl_evaluator.py for preloaded embeddings...
  ✓ hhgcl_evaluator.py patched successfully

Optimizing travel_time_estimation.py...
  - travel_time_estimation.py already optimized
Optimizing similarity_search_model.py...
  - similarity_search_model.py already optimized


================================================================================
DOWNSTREAM TASKS OPTIMIZATION COMPLETE
================================================================================

🚀 Optimizations Applied:

1. PRELOADED EMBEDDINGS (Most Important!)
   - Embedding loaded to GPU once, reused for all batches
   - Avoids running GNN 1000+ times per task
   - Expected speedup: 100-1000x

2. DATALOADER OPTIMIZATION
   - batch_size: 128 → 512 (better GPU utilization)
   - num_workers: 4 → 8 (faster data loading on Linux)
   - pin_memory: True (faster CPU→GPU transfer)
   - persistent_workers: True (reuse worker processes)

📊 Expected Performance:
   - TSI: <1 minute (Ridge regression, already fast)
   - TTE: 40 hours → 30-60 minutes (80-160x speedup)
   - STS: 5.8 hours → 10-20 minutes (17-35x speedup)
   - Total for all 3 tasks: ~46 hours → ~40-80 minutes

💾 GPU Usage:
   - GPU Utilization: 1% → 70-90%
   - GPU Power: 57W → 200-240W
   - VRAM: 7GB → 15-20GB per GPU
================================================================================

✅ To run optimized evaluation:
   cd ~/Mingjie/hperroad/experiments
   CUDA_VISIBLE_DEVICES=3 python run_evaluation_only.py \
       --exp_id hrnr_hyp_xa_s0_20260101_003749 \
       --task all \
       --task_epoch 10 \
       --gpu_id 0
================================================================================
[0;32m✓[0m Downstream task optimizations applied
[1;33m[STEP 0.1][0m Enabling Multi-GPU for Pretraining...
================================================================================
APPLYING MULTI-GPU OPTIMIZATION FOR PRETRAINING
================================================================================

Patching twostep_executor.py for multi-GPU training...
  ✓ twostep_executor.py patched successfully


================================================================================
PRETRAINING MULTI-GPU OPTIMIZATION COMPLETE
================================================================================

🚀 Optimization Applied:

1. DATAPARALLEL FOR PRETRAINING
   - Automatic multi-GPU detection
   - Distributes batches across GPUs
   - Synchronizes gradients automatically

📊 Expected Performance:
   - 2 GPUs: ~1.8x speedup
   - 4 GPUs: ~3.2x speedup
   - 5 GPUs: ~3.8x speedup
   - Pretraining: 12 hours → 3-6 hours (2-4x speedup)

💡 Usage:
   Use --train_gpu_ids parameter to specify multiple GPUs:
   python run_training_only.py --train_gpu_ids 3 4 5 6 7
================================================================================
[0;32m✓[0m Pretraining multi-GPU enabled

[0;34mResults will be saved to: results/benchmark_20260125_070345[0m

[0;34m╔═══════════════════════════════════════════════════════════════════════════╗[0m
[0;34m║  Processing City: XIAN[0m
[0;34m╚═══════════════════════════════════════════════════════════════════════════╝[0m

[1;33m[STEP 1/XIAN][0m Upstream Training (Pretraining with Multi-GPU)
  Dataset: xa
  Epochs: 100
  GPUs: 3,4,5,6,7 (DataParallel)

Traceback (most recent call last):
  File "/home/user/hperroad/experiments/run_training_only.py", line 20, in <module>
    from veccity.pipeline import run_model
  File "/home/user/hperroad/VecCity-main/veccity/pipeline/__init__.py", line 1, in <module>
    from veccity.pipeline.pipeline import run_model, objective_function
  File "/home/user/hperroad/VecCity-main/veccity/pipeline/pipeline.py", line 3, in <module>
    import torch
ModuleNotFoundError: No module named 'torch'
